Archive member included to satisfy reference by file (symbol)

c:/st/stm32cubeide_1.3.0/stm32cubeide/plugins/com.st.stm32cube.ide.mcu.externaltools.gnu-tools-for-stm32.7-2018-q2-update.win32_1.0.0.201904181610/tools/bin/../lib/gcc/arm-none-eabi/7.3.1/../../../../arm-none-eabi/lib/thumb/v6-m\libc_nano.a(lib_a-errno.o)
                              Core/Src/syscalls.o (__errno)
c:/st/stm32cubeide_1.3.0/stm32cubeide/plugins/com.st.stm32cube.ide.mcu.externaltools.gnu-tools-for-stm32.7-2018-q2-update.win32_1.0.0.201904181610/tools/bin/../lib/gcc/arm-none-eabi/7.3.1/../../../../arm-none-eabi/lib/thumb/v6-m\libc_nano.a(lib_a-exit.o)
                              c:/st/stm32cubeide_1.3.0/stm32cubeide/plugins/com.st.stm32cube.ide.mcu.externaltools.gnu-tools-for-stm32.7-2018-q2-update.win32_1.0.0.201904181610/tools/bin/../lib/gcc/arm-none-eabi/7.3.1/../../../../arm-none-eabi/lib/thumb/v6-m/crt0.o (exit)
c:/st/stm32cubeide_1.3.0/stm32cubeide/plugins/com.st.stm32cube.ide.mcu.externaltools.gnu-tools-for-stm32.7-2018-q2-update.win32_1.0.0.201904181610/tools/bin/../lib/gcc/arm-none-eabi/7.3.1/../../../../arm-none-eabi/lib/thumb/v6-m\libc_nano.a(lib_a-impure.o)
                              c:/st/stm32cubeide_1.3.0/stm32cubeide/plugins/com.st.stm32cube.ide.mcu.externaltools.gnu-tools-for-stm32.7-2018-q2-update.win32_1.0.0.201904181610/tools/bin/../lib/gcc/arm-none-eabi/7.3.1/../../../../arm-none-eabi/lib/thumb/v6-m\libc_nano.a(lib_a-exit.o) (_global_impure_ptr)
c:/st/stm32cubeide_1.3.0/stm32cubeide/plugins/com.st.stm32cube.ide.mcu.externaltools.gnu-tools-for-stm32.7-2018-q2-update.win32_1.0.0.201904181610/tools/bin/../lib/gcc/arm-none-eabi/7.3.1/../../../../arm-none-eabi/lib/thumb/v6-m\libc_nano.a(lib_a-init.o)
                              c:/st/stm32cubeide_1.3.0/stm32cubeide/plugins/com.st.stm32cube.ide.mcu.externaltools.gnu-tools-for-stm32.7-2018-q2-update.win32_1.0.0.201904181610/tools/bin/../lib/gcc/arm-none-eabi/7.3.1/../../../../arm-none-eabi/lib/thumb/v6-m/crt0.o (__libc_init_array)
c:/st/stm32cubeide_1.3.0/stm32cubeide/plugins/com.st.stm32cube.ide.mcu.externaltools.gnu-tools-for-stm32.7-2018-q2-update.win32_1.0.0.201904181610/tools/bin/../lib/gcc/arm-none-eabi/7.3.1/../../../../arm-none-eabi/lib/thumb/v6-m\libc_nano.a(lib_a-memset.o)
                              c:/st/stm32cubeide_1.3.0/stm32cubeide/plugins/com.st.stm32cube.ide.mcu.externaltools.gnu-tools-for-stm32.7-2018-q2-update.win32_1.0.0.201904181610/tools/bin/../lib/gcc/arm-none-eabi/7.3.1/../../../../arm-none-eabi/lib/thumb/v6-m/crt0.o (memset)
c:/st/stm32cubeide_1.3.0/stm32cubeide/plugins/com.st.stm32cube.ide.mcu.externaltools.gnu-tools-for-stm32.7-2018-q2-update.win32_1.0.0.201904181610/tools/bin/../lib/gcc/arm-none-eabi/7.3.1/thumb/v6-m\libgcc.a(_udivsi3.o)
                              Core/Src/system_stm32f0xx.o (__aeabi_uidiv)
c:/st/stm32cubeide_1.3.0/stm32cubeide/plugins/com.st.stm32cube.ide.mcu.externaltools.gnu-tools-for-stm32.7-2018-q2-update.win32_1.0.0.201904181610/tools/bin/../lib/gcc/arm-none-eabi/7.3.1/thumb/v6-m\libgcc.a(_dvmd_tls.o)
                              c:/st/stm32cubeide_1.3.0/stm32cubeide/plugins/com.st.stm32cube.ide.mcu.externaltools.gnu-tools-for-stm32.7-2018-q2-update.win32_1.0.0.201904181610/tools/bin/../lib/gcc/arm-none-eabi/7.3.1/thumb/v6-m\libgcc.a(_udivsi3.o) (__aeabi_idiv0)

Allocating common symbols
Common symbol       size              file

hUsbDeviceFS        0x2c4             USB_HID/usb_device.o
uwTick              0x4               Drivers/STM32F0xx_HAL_Driver/Src/stm32f0xx_hal.o
pFlash              0x20              Drivers/STM32F0xx_HAL_Driver/Src/stm32f0xx_hal_flash.o
hpcd_USB_FS         0x274             USB_DEVICE/Target/usbd_conf.o
USBD_StrDesc        0x200             USB_HID/usbd_desc.o

Discarded input sections

 .text          0x0000000000000000        0x0 c:/st/stm32cubeide_1.3.0/stm32cubeide/plugins/com.st.stm32cube.ide.mcu.externaltools.gnu-tools-for-stm32.7-2018-q2-update.win32_1.0.0.201904181610/tools/bin/../lib/gcc/arm-none-eabi/7.3.1/thumb/v6-m/crti.o
 .data          0x0000000000000000        0x0 c:/st/stm32cubeide_1.3.0/stm32cubeide/plugins/com.st.stm32cube.ide.mcu.externaltools.gnu-tools-for-stm32.7-2018-q2-update.win32_1.0.0.201904181610/tools/bin/../lib/gcc/arm-none-eabi/7.3.1/thumb/v6-m/crti.o
 .bss           0x0000000000000000        0x0 c:/st/stm32cubeide_1.3.0/stm32cubeide/plugins/com.st.stm32cube.ide.mcu.externaltools.gnu-tools-for-stm32.7-2018-q2-update.win32_1.0.0.201904181610/tools/bin/../lib/gcc/arm-none-eabi/7.3.1/thumb/v6-m/crti.o
 .data          0x0000000000000000        0x4 c:/st/stm32cubeide_1.3.0/stm32cubeide/plugins/com.st.stm32cube.ide.mcu.externaltools.gnu-tools-for-stm32.7-2018-q2-update.win32_1.0.0.201904181610/tools/bin/../lib/gcc/arm-none-eabi/7.3.1/thumb/v6-m/crtbegin.o
[...]
Memory Configuration

Name             Origin             Length             Attributes
RAM              0x0000000020000000 0x0000000000004000 xrw
FLASH            0x0000000008000000 0x0000000000010000 xr
*default*        0x0000000000000000 0xffffffffffffffff

Linker script and memory map

LOAD c:/st/stm32cubeide_1.3.0/stm32cubeide/plugins/com.st.stm32cube.ide.mcu.externaltools.gnu-tools-for-stm32.7-2018-q2-update.win32_1.0.0.201904181610/tools/bin/../lib/gcc/arm-none-eabi/7.3.1/thumb/v6-m/crti.o
LOAD c:/st/stm32cubeide_1.3.0/stm32cubeide/plugins/com.st.stm32cube.ide.mcu.externaltools.gnu-tools-for-stm32.7-2018-q2-update.win32_1.0.0.201904181610/tools/bin/../lib/gcc/arm-none-eabi/7.3.1/thumb/v6-m/crtbegin.o
LOAD c:/st/stm32cubeide_1.3.0/stm32cubeide/plugins/com.st.stm32cube.ide.mcu.externaltools.gnu-tools-for-stm32.7-2018-q2-update.win32_1.0.0.201904181610/tools/bin/../lib/gcc/arm-none-eabi/7.3.1/../../../../arm-none-eabi/lib/thumb/v6-m/crt0.o
LOAD Core/Src/main.o
LOAD Core/Src/stm32f0xx_hal_msp.o
LOAD Core/Src/stm32f0xx_it.o
LOAD Core/Src/syscalls.o
LOAD Core/Src/sysmem.o
LOAD Core/Src/system_stm32f0xx.o
LOAD Core/Startup/startup_stm32f072c8tx.o
LOAD Drivers/STM32F0xx_HAL_Driver/Src/stm32f0xx_hal.o
LOAD Drivers/STM32F0xx_HAL_Driver/Src/stm32f0xx_hal_cortex.o
LOAD Drivers/STM32F0xx_HAL_Driver/Src/stm32f0xx_hal_dma.o
LOAD Drivers/STM32F0xx_HAL_Driver/Src/stm32f0xx_hal_exti.o
LOAD Drivers/STM32F0xx_HAL_Driver/Src/stm32f0xx_hal_flash.o
LOAD Drivers/STM32F0xx_HAL_Driver/Src/stm32f0xx_hal_flash_ex.o
LOAD Drivers/STM32F0xx_HAL_Driver/Src/stm32f0xx_hal_gpio.o
LOAD Drivers/STM32F0xx_HAL_Driver/Src/stm32f0xx_hal_i2c.o
LOAD Drivers/STM32F0xx_HAL_Driver/Src/stm32f0xx_hal_i2c_ex.o
LOAD Drivers/STM32F0xx_HAL_Driver/Src/stm32f0xx_hal_pcd.o
LOAD Drivers/STM32F0xx_HAL_Driver/Src/stm32f0xx_hal_pcd_ex.o
LOAD Drivers/STM32F0xx_HAL_Driver/Src/stm32f0xx_hal_pwr.o
LOAD Drivers/STM32F0xx_HAL_Driver/Src/stm32f0xx_hal_pwr_ex.o
LOAD Drivers/STM32F0xx_HAL_Driver/Src/stm32f0xx_hal_rcc.o
LOAD Drivers/STM32F0xx_HAL_Driver/Src/stm32f0xx_hal_rcc_ex.o
LOAD Drivers/STM32F0xx_HAL_Driver/Src/stm32f0xx_hal_tim.o
LOAD Drivers/STM32F0xx_HAL_Driver/Src/stm32f0xx_hal_tim_ex.o
LOAD Drivers/STM32F0xx_HAL_Driver/Src/stm32f0xx_ll_usb.o
LOAD Middlewares/ST/STM32_USB_Device_Library/Core/Src/usbd_core.o
LOAD Middlewares/ST/STM32_USB_Device_Library/Core/Src/usbd_ctlreq.o
LOAD Middlewares/ST/STM32_USB_Device_Library/Core/Src/usbd_ioreq.o
LOAD USB_DEVICE/Target/usbd_conf.o
LOAD USB_HID/usb_device.o
LOAD USB_HID/usbd_desc.o
LOAD USB_HID/usbd_hid.o
LOAD USER/KeyBoard.o
LOAD USER/KeyScan.o
LOAD USER/Mouse.o
START GROUP
LOAD c:/st/stm32cubeide_1.3.0/stm32cubeide/plugins/com.st.stm32cube.ide.mcu.externaltools.gnu-tools-for-stm32.7-2018-q2-update.win32_1.0.0.201904181610/tools/bin/../lib/gcc/arm-none-eabi/7.3.1/../../../../arm-none-eabi/lib/thumb/v6-m\libc_nano.a
LOAD c:/st/stm32cubeide_1.3.0/stm32cubeide/plugins/com.st.stm32cube.ide.mcu.externaltools.gnu-tools-for-stm32.7-2018-q2-update.win32_1.0.0.201904181610/tools/bin/../lib/gcc/arm-none-eabi/7.3.1/../../../../arm-none-eabi/lib/thumb/v6-m\libm.a
END GROUP
START GROUP
LOAD c:/st/stm32cubeide_1.3.0/stm32cubeide/plugins/com.st.stm32cube.ide.mcu.externaltools.gnu-tools-for-stm32.7-2018-q2-update.win32_1.0.0.201904181610/tools/bin/../lib/gcc/arm-none-eabi/7.3.1/thumb/v6-m\libgcc.a
LOAD c:/st/stm32cubeide_1.3.0/stm32cubeide/plugins/com.st.stm32cube.ide.mcu.externaltools.gnu-tools-for-stm32.7-2018-q2-update.win32_1.0.0.201904181610/tools/bin/../lib/gcc/arm-none-eabi/7.3.1/../../../../arm-none-eabi/lib/thumb/v6-m\libc_nano.a
END GROUP
START GROUP
LOAD c:/st/stm32cubeide_1.3.0/stm32cubeide/plugins/com.st.stm32cube.ide.mcu.externaltools.gnu-tools-for-stm32.7-2018-q2-update.win32_1.0.0.201904181610/tools/bin/../lib/gcc/arm-none-eabi/7.3.1/thumb/v6-m\libgcc.a
LOAD c:/st/stm32cubeide_1.3.0/stm32cubeide/plugins/com.st.stm32cube.ide.mcu.externaltools.gnu-tools-for-stm32.7-2018-q2-update.win32_1.0.0.201904181610/tools/bin/../lib/gcc/arm-none-eabi/7.3.1/../../../../arm-none-eabi/lib/thumb/v6-m\libc_nano.a
LOAD c:/st/stm32cubeide_1.3.0/stm32cubeide/plugins/com.st.stm32cube.ide.mcu.externaltools.gnu-tools-for-stm32.7-2018-q2-update.win32_1.0.0.201904181610/tools/bin/../lib/gcc/arm-none-eabi/7.3.1/../../../../arm-none-eabi/lib/thumb/v6-m\libnosys.a
END GROUP
START GROUP
LOAD c:/st/stm32cubeide_1.3.0/stm32cubeide/plugins/com.st.stm32cube.ide.mcu.externaltools.gnu-tools-for-stm32.7-2018-q2-update.win32_1.0.0.201904181610/tools/bin/../lib/gcc/arm-none-eabi/7.3.1/thumb/v6-m\libgcc.a
LOAD c:/st/stm32cubeide_1.3.0/stm32cubeide/plugins/com.st.stm32cube.ide.mcu.externaltools.gnu-tools-for-stm32.7-2018-q2-update.win32_1.0.0.201904181610/tools/bin/../lib/gcc/arm-none-eabi/7.3.1/../../../../arm-none-eabi/lib/thumb/v6-m\libc_nano.a
LOAD c:/st/stm32cubeide_1.3.0/stm32cubeide/plugins/com.st.stm32cube.ide.mcu.externaltools.gnu-tools-for-stm32.7-2018-q2-update.win32_1.0.0.201904181610/tools/bin/../lib/gcc/arm-none-eabi/7.3.1/../../../../arm-none-eabi/lib/thumb/v6-m\libnosys.a
END GROUP
LOAD c:/st/stm32cubeide_1.3.0/stm32cubeide/plugins/com.st.stm32cube.ide.mcu.externaltools.gnu-tools-for-stm32.7-2018-q2-update.win32_1.0.0.201904181610/tools/bin/../lib/gcc/arm-none-eabi/7.3.1/thumb/v6-m/crtend.o
LOAD c:/st/stm32cubeide_1.3.0/stm32cubeide/plugins/com.st.stm32cube.ide.mcu.externaltools.gnu-tools-for-stm32.7-2018-q2-update.win32_1.0.0.201904181610/tools/bin/../lib/gcc/arm-none-eabi/7.3.1/thumb/v6-m/crtn.o
                0x0000000020004000                _estack = (ORIGIN (RAM) + LENGTH (RAM))
                0x0000000000000400                _Min_Heap_Size = 0x400
                0x0000000000000800                _Min_Stack_Size = 0x800

.isr_vector     0x0000000008000000       0xc0
                0x0000000008000000                . = ALIGN (0x4)
 *(.isr_vector)
 .isr_vector    0x0000000008000000       0xc0 Core/Startup/startup_stm32f072c8tx.o
                0x0000000008000000                g_pfnVectors
                0x00000000080000c0                . = ALIGN (0x4)

.text           0x00000000080000c0     0x61ec
                0x00000000080000c0                . = ALIGN (0x4)
 *(.text)
 .text          0x00000000080000c0       0x48 c:/st/stm32cubeide_1.3.0/stm32cubeide/plugins/com.st.stm32cube.ide.mcu.externaltools.gnu-tools-for-stm32.7-2018-q2-update.win32_1.0.0.201904181610/tools/bin/../lib/gcc/arm-none-eabi/7.3.1/thumb/v6-m/crtbegin.o
 .text          0x0000000008000108      0x114 c:/st/stm32cubeide_1.3.0/stm32cubeide/plugins/com.st.stm32cube.ide.mcu.externaltools.gnu-tools-for-stm32.7-2018-q2-update.win32_1.0.0.201904181610/tools/bin/../lib/gcc/arm-none-eabi/7.3.1/thumb/v6-m\libgcc.a(_udivsi3.o)
                0x0000000008000108                __aeabi_uidiv
                0x0000000008000108                __udivsi3
                0x0000000008000214                __aeabi_uidivmod
 .text          0x000000000800021c        0x4 c:/st/stm32cubeide_1.3.0/stm32cubeide/plugins/com.st.stm32cube.ide.mcu.externaltools.gnu-tools-for-stm32.7-2018-q2-update.win32_1.0.0.201904181610/tools/bin/../lib/gcc/arm-none-eabi/7.3.1/thumb/v6-m\libgcc.a(_dvmd_tls.o)
                0x000000000800021c                __aeabi_idiv0
                0x000000000800021c                __aeabi_ldiv0
 *(.text*)
 .text.main     0x0000000008000220       0xb0 Core/Src/main.o
                0x0000000008000220                main
 .text.SystemClock_Config
                0x00000000080002d0       0xa8 Core/Src/main.o
                0x00000000080002d0                SystemClock_Config
 .text.MX_GPIO_Init
                0x0000000008000378      0x1ac Core/Src/main.o
 .text.Error_Handler
                0x0000000008000524        0xa Core/Src/main.o
                0x0000000008000524                Error_Handler
 *fill*         0x000000000800052e        0x2 
 .text.HAL_MspInit
                0x0000000008000530       0x48 Core/Src/stm32f0xx_hal_msp.o
                0x0000000008000530                HAL_MspInit
 .text.NMI_Handler
                0x0000000008000578        0xa Core/Src/stm32f0xx_it.o
                0x0000000008000578                NMI_Handler
 .text.HardFault_Handler
                0x0000000008000582        0x6 Core/Src/stm32f0xx_it.o
                0x0000000008000582                HardFault_Handler
 .text.SVC_Handler
                0x0000000008000588        0xa Core/Src/stm32f0xx_it.o
                0x0000000008000588                SVC_Handler
 .text.PendSV_Handler
                0x0000000008000592        0xa Core/Src/stm32f0xx_it.o
                0x0000000008000592                PendSV_Handler
 .text.SysTick_Handler
                0x000000000800059c        0xe Core/Src/stm32f0xx_it.o
                0x000000000800059c                SysTick_Handler
 *fill*         0x00000000080005aa        0x2 
 .text.USB_IRQHandler
                0x00000000080005ac       0x18 Core/Src/stm32f0xx_it.o
                0x00000000080005ac                USB_IRQHandler
 .text.SystemInit
                0x00000000080005c4        0xa Core/Src/system_stm32f0xx.o
                0x00000000080005c4                SystemInit
 *fill*         0x00000000080005ce        0x2 
 .text.Reset_Handler
                0x00000000080005d0       0x50 Core/Startup/startup_stm32f072c8tx.o
                0x00000000080005d0                Reset_Handler
 .text.Default_Handler
                0x0000000008000620        0x2 Core/Startup/startup_stm32f072c8tx.o
                0x0000000008000620                TIM1_CC_IRQHandler
                0x0000000008000620                TSC_IRQHandler
                0x0000000008000620                ADC1_COMP_IRQHandler
                0x0000000008000620                I2C1_IRQHandler
                0x0000000008000620                RCC_CRS_IRQHandler
                0x0000000008000620                SPI1_IRQHandler
                0x0000000008000620                TIM6_DAC_IRQHandler
                0x0000000008000620                USART3_4_IRQHandler
                0x0000000008000620                EXTI2_3_IRQHandler
                0x0000000008000620                I2C2_IRQHandler
                0x0000000008000620                TIM17_IRQHandler
                0x0000000008000620                CEC_CAN_IRQHandler
                0x0000000008000620                RTC_IRQHandler
                0x0000000008000620                PVD_VDDIO2_IRQHandler
                0x0000000008000620                DMA1_Channel4_5_6_7_IRQHandler
                0x0000000008000620                TIM16_IRQHandler
                0x0000000008000620                TIM3_IRQHandler
                0x0000000008000620                EXTI4_15_IRQHandler
                0x0000000008000620                DMA1_Channel1_IRQHandler
                0x0000000008000620                Default_Handler
                0x0000000008000620                TIM14_IRQHandler
                0x0000000008000620                TIM7_IRQHandler
                0x0000000008000620                TIM15_IRQHandler
                0x0000000008000620                EXTI0_1_IRQHandler
                0x0000000008000620                SPI2_IRQHandler
                0x0000000008000620                WWDG_IRQHandler
                0x0000000008000620                TIM2_IRQHandler
                0x0000000008000620                DMA1_Channel2_3_IRQHandler
                0x0000000008000620                USART2_IRQHandler
                0x0000000008000620                FLASH_IRQHandler
                0x0000000008000620                USART1_IRQHandler
                0x0000000008000620                TIM1_BRK_UP_TRG_COM_IRQHandler
 *fill*         0x0000000008000622        0x2 
 .text.HAL_Init
                0x0000000008000624       0x28 Drivers/STM32F0xx_HAL_Driver/Src/stm32f0xx_hal.o
                0x0000000008000624                HAL_Init
 .text.HAL_InitTick
                0x000000000800064c       0x68 Drivers/STM32F0xx_HAL_Driver/Src/stm32f0xx_hal.o
                0x000000000800064c                HAL_InitTick
 .text.HAL_IncTick
                0x00000000080006b4       0x24 Drivers/STM32F0xx_HAL_Driver/Src/stm32f0xx_hal.o
                0x00000000080006b4                HAL_IncTick
 .text.HAL_GetTick
                0x00000000080006d8       0x14 Drivers/STM32F0xx_HAL_Driver/Src/stm32f0xx_hal.o
                0x00000000080006d8                HAL_GetTick
 .text.HAL_Delay
                0x00000000080006ec       0x44 Drivers/STM32F0xx_HAL_Driver/Src/stm32f0xx_hal.o
                0x00000000080006ec                HAL_Delay
 .text.__NVIC_EnableIRQ
                0x0000000008000730       0x34 Drivers/STM32F0xx_HAL_Driver/Src/stm32f0xx_hal_cortex.o
 .text.__NVIC_SetPriority
                0x0000000008000764       0xdc Drivers/STM32F0xx_HAL_Driver/Src/stm32f0xx_hal_cortex.o
 .text.SysTick_Config
                0x0000000008000840       0x48 Drivers/STM32F0xx_HAL_Driver/Src/stm32f0xx_hal_cortex.o
 .text.HAL_NVIC_SetPriority
                0x0000000008000888       0x2a Drivers/STM32F0xx_HAL_Driver/Src/stm32f0xx_hal_cortex.o
                0x0000000008000888                HAL_NVIC_SetPriority
 .text.HAL_NVIC_EnableIRQ
                0x00000000080008b2       0x20 Drivers/STM32F0xx_HAL_Driver/Src/stm32f0xx_hal_cortex.o
                0x00000000080008b2                HAL_NVIC_EnableIRQ
 .text.HAL_SYSTICK_Config
                0x00000000080008d2       0x1a Drivers/STM32F0xx_HAL_Driver/Src/stm32f0xx_hal_cortex.o
                0x00000000080008d2                HAL_SYSTICK_Config
 .text.HAL_GPIO_Init
                0x00000000080008ec      0x2f0 Drivers/STM32F0xx_HAL_Driver/Src/stm32f0xx_hal_gpio.o
                0x00000000080008ec                HAL_GPIO_Init
 .text.HAL_GPIO_ReadPin
                0x0000000008000bdc       0x3a Drivers/STM32F0xx_HAL_Driver/Src/stm32f0xx_hal_gpio.o
                0x0000000008000bdc                HAL_GPIO_ReadPin
 .text.HAL_GPIO_WritePin
                0x0000000008000c16       0x3a Drivers/STM32F0xx_HAL_Driver/Src/stm32f0xx_hal_gpio.o
                0x0000000008000c16                HAL_GPIO_WritePin
 .text.HAL_PCD_Init
                0x0000000008000c50      0x1c8 Drivers/STM32F0xx_HAL_Driver/Src/stm32f0xx_hal_pcd.o
                0x0000000008000c50                HAL_PCD_Init
 .text.HAL_PCD_Start
                0x0000000008000e18       0x4a Drivers/STM32F0xx_HAL_Driver/Src/stm32f0xx_hal_pcd.o
                0x0000000008000e18                HAL_PCD_Start
 *fill*         0x0000000008000e62        0x2 
 .text.HAL_PCD_IRQHandler
                0x0000000008000e64      0x310 Drivers/STM32F0xx_HAL_Driver/Src/stm32f0xx_hal_pcd.o
                0x0000000008000e64                HAL_PCD_IRQHandler
 .text.HAL_PCD_SetAddress
                0x0000000008001174       0x56 Drivers/STM32F0xx_HAL_Driver/Src/stm32f0xx_hal_pcd.o
                0x0000000008001174                HAL_PCD_SetAddress
 .text.HAL_PCD_EP_Open
                0x00000000080011ca       0xe4 Drivers/STM32F0xx_HAL_Driver/Src/stm32f0xx_hal_pcd.o
                0x00000000080011ca                HAL_PCD_EP_Open
 .text.HAL_PCD_EP_Close
                0x00000000080012ae       0x96 Drivers/STM32F0xx_HAL_Driver/Src/stm32f0xx_hal_pcd.o
                0x00000000080012ae                HAL_PCD_EP_Close
 .text.HAL_PCD_EP_Receive
                0x0000000008001344       0x82 Drivers/STM32F0xx_HAL_Driver/Src/stm32f0xx_hal_pcd.o
                0x0000000008001344                HAL_PCD_EP_Receive
 .text.HAL_PCD_EP_GetRxCount
                0x00000000080013c6       0x2a Drivers/STM32F0xx_HAL_Driver/Src/stm32f0xx_hal_pcd.o
                0x00000000080013c6                HAL_PCD_EP_GetRxCount
 .text.HAL_PCD_EP_Transmit
                0x00000000080013f0       0x80 Drivers/STM32F0xx_HAL_Driver/Src/stm32f0xx_hal_pcd.o
                0x00000000080013f0                HAL_PCD_EP_Transmit
 .text.HAL_PCD_EP_SetStall
                0x0000000008001470       0xcc Drivers/STM32F0xx_HAL_Driver/Src/stm32f0xx_hal_pcd.o
                0x0000000008001470                HAL_PCD_EP_SetStall
 .text.HAL_PCD_EP_ClrStall
                0x000000000800153c       0xb0 Drivers/STM32F0xx_HAL_Driver/Src/stm32f0xx_hal_pcd.o
                0x000000000800153c                HAL_PCD_EP_ClrStall
 .text.HAL_PCD_EP_Flush
                0x00000000080015ec       0x18 Drivers/STM32F0xx_HAL_Driver/Src/stm32f0xx_hal_pcd.o
                0x00000000080015ec                HAL_PCD_EP_Flush
 .text.PCD_EP_ISR_Handler
                0x0000000008001604      0x5a8 Drivers/STM32F0xx_HAL_Driver/Src/stm32f0xx_hal_pcd.o
 .text.HAL_PCDEx_PMAConfig
                0x0000000008001bac       0x90 Drivers/STM32F0xx_HAL_Driver/Src/stm32f0xx_hal_pcd_ex.o
                0x0000000008001bac                HAL_PCDEx_PMAConfig
 .text.HAL_PCDEx_ActivateLPM
                0x0000000008001c3c       0x54 Drivers/STM32F0xx_HAL_Driver/Src/stm32f0xx_hal_pcd_ex.o
                0x0000000008001c3c                HAL_PCDEx_ActivateLPM
 .text.HAL_PCDEx_LPM_Callback
                0x0000000008001c90       0x16 Drivers/STM32F0xx_HAL_Driver/Src/stm32f0xx_hal_pcd_ex.o
                0x0000000008001c90                HAL_PCDEx_LPM_Callback
 *fill*         0x0000000008001ca6        0x2 
 .text.HAL_RCC_OscConfig
                0x0000000008001ca8      0x70c Drivers/STM32F0xx_HAL_Driver/Src/stm32f0xx_hal_rcc.o
                0x0000000008001ca8                HAL_RCC_OscConfig
 .text.HAL_RCC_ClockConfig
                0x00000000080023b4      0x1b4 Drivers/STM32F0xx_HAL_Driver/Src/stm32f0xx_hal_rcc.o
                0x00000000080023b4                HAL_RCC_ClockConfig
 .text.HAL_RCC_GetSysClockFreq
                0x0000000008002568       0xfc Drivers/STM32F0xx_HAL_Driver/Src/stm32f0xx_hal_rcc.o
                0x0000000008002568                HAL_RCC_GetSysClockFreq
 .text.HAL_RCCEx_PeriphCLKConfig
                0x0000000008002664      0x200 Drivers/STM32F0xx_HAL_Driver/Src/stm32f0xx_hal_rcc_ex.o
                0x0000000008002664                HAL_RCCEx_PeriphCLKConfig
 .text.USB_EnableGlobalInt
                0x0000000008002864       0x34 Drivers/STM32F0xx_HAL_Driver/Src/stm32f0xx_ll_usb.o
                0x0000000008002864                USB_EnableGlobalInt
 .text.USB_DisableGlobalInt
                0x0000000008002898       0x40 Drivers/STM32F0xx_HAL_Driver/Src/stm32f0xx_ll_usb.o
                0x0000000008002898                USB_DisableGlobalInt
 .text.USB_DevInit
                0x00000000080028d8       0x60 Drivers/STM32F0xx_HAL_Driver/Src/stm32f0xx_ll_usb.o
                0x00000000080028d8                USB_DevInit
 .text.USB_ActivateEndpoint
                0x0000000008002938      0x5f0 Drivers/STM32F0xx_HAL_Driver/Src/stm32f0xx_ll_usb.o
                0x0000000008002938                USB_ActivateEndpoint
 .text.USB_DeactivateEndpoint
                0x0000000008002f28      0x2ec Drivers/STM32F0xx_HAL_Driver/Src/stm32f0xx_ll_usb.o
                0x0000000008002f28                USB_DeactivateEndpoint
 .text.USB_EPStartXfer
                0x0000000008003214      0x5a4 Drivers/STM32F0xx_HAL_Driver/Src/stm32f0xx_ll_usb.o
                0x0000000008003214                USB_EPStartXfer
 .text.USB_EPSetStall
                0x00000000080037b8       0x84 Drivers/STM32F0xx_HAL_Driver/Src/stm32f0xx_ll_usb.o
                0x00000000080037b8                USB_EPSetStall
 .text.USB_EPClearStall
                0x000000000800383c      0x124 Drivers/STM32F0xx_HAL_Driver/Src/stm32f0xx_ll_usb.o
                0x000000000800383c                USB_EPClearStall
 .text.USB_SetDevAddress
                0x0000000008003960       0x28 Drivers/STM32F0xx_HAL_Driver/Src/stm32f0xx_ll_usb.o
                0x0000000008003960                USB_SetDevAddress
 .text.USB_DevConnect
                0x0000000008003988       0x2c Drivers/STM32F0xx_HAL_Driver/Src/stm32f0xx_ll_usb.o
                0x0000000008003988                USB_DevConnect
 .text.USB_ReadInterrupts
                0x00000000080039b4       0x1c Drivers/STM32F0xx_HAL_Driver/Src/stm32f0xx_ll_usb.o
                0x00000000080039b4                USB_ReadInterrupts
 .text.USB_EP0_OutStart
                0x00000000080039d0       0x14 Drivers/STM32F0xx_HAL_Driver/Src/stm32f0xx_ll_usb.o
                0x00000000080039d0                USB_EP0_OutStart
 .text.USB_WritePMA
                0x00000000080039e4       0x86 Drivers/STM32F0xx_HAL_Driver/Src/stm32f0xx_ll_usb.o
                0x00000000080039e4                USB_WritePMA
 .text.USB_ReadPMA
                0x0000000008003a6a       0x9e Drivers/STM32F0xx_HAL_Driver/Src/stm32f0xx_ll_usb.o
                0x0000000008003a6a                USB_ReadPMA
 .text.USBD_Init
                0x0000000008003b08       0x62 Middlewares/ST/STM32_USB_Device_Library/Core/Src/usbd_core.o
                0x0000000008003b08                USBD_Init
 .text.USBD_RegisterClass
                0x0000000008003b6a       0x42 Middlewares/ST/STM32_USB_Device_Library/Core/Src/usbd_core.o
                0x0000000008003b6a                USBD_RegisterClass
 .text.USBD_Start
                0x0000000008003bac       0x1a Middlewares/ST/STM32_USB_Device_Library/Core/Src/usbd_core.o
                0x0000000008003bac                USBD_Start
 .text.USBD_RunTestMode
                0x0000000008003bc6       0x12 Middlewares/ST/STM32_USB_Device_Library/Core/Src/usbd_core.o
                0x0000000008003bc6                USBD_RunTestMode
 .text.USBD_SetClassConfig
                0x0000000008003bd8       0x50 Middlewares/ST/STM32_USB_Device_Library/Core/Src/usbd_core.o
                0x0000000008003bd8                USBD_SetClassConfig
 .text.USBD_ClrClassConfig
                0x0000000008003c28       0x2c Middlewares/ST/STM32_USB_Device_Library/Core/Src/usbd_core.o
                0x0000000008003c28                USBD_ClrClassConfig
 .text.USBD_LL_SetupStage
                0x0000000008003c54       0xb8 Middlewares/ST/STM32_USB_Device_Library/Core/Src/usbd_core.o
                0x0000000008003c54                USBD_LL_SetupStage
 .text.USBD_LL_DataOutStage
                0x0000000008003d0c      0x104 Middlewares/ST/STM32_USB_Device_Library/Core/Src/usbd_core.o
                0x0000000008003d0c                USBD_LL_DataOutStage
 .text.USBD_LL_DataInStage
                0x0000000008003e10      0x17a Middlewares/ST/STM32_USB_Device_Library/Core/Src/usbd_core.o
                0x0000000008003e10                USBD_LL_DataInStage
 .text.USBD_LL_Reset
                0x0000000008003f8a       0x90 Middlewares/ST/STM32_USB_Device_Library/Core/Src/usbd_core.o
                0x0000000008003f8a                USBD_LL_Reset
 .text.USBD_LL_SetSpeed
                0x000000000800401a       0x20 Middlewares/ST/STM32_USB_Device_Library/Core/Src/usbd_core.o
                0x000000000800401a                USBD_LL_SetSpeed
 *fill*         0x000000000800403a        0x2 
 .text.USBD_LL_Suspend
                0x000000000800403c       0x30 Middlewares/ST/STM32_USB_Device_Library/Core/Src/usbd_core.o
                0x000000000800403c                USBD_LL_Suspend
 .text.USBD_LL_Resume
                0x000000000800406c       0x30 Middlewares/ST/STM32_USB_Device_Library/Core/Src/usbd_core.o
                0x000000000800406c                USBD_LL_Resume
 .text.USBD_LL_SOF
                0x000000000800409c       0x3c Middlewares/ST/STM32_USB_Device_Library/Core/Src/usbd_core.o
                0x000000000800409c                USBD_LL_SOF
 .text.USBD_StdDevReq
                0x00000000080040d8       0xe4 Middlewares/ST/STM32_USB_Device_Library/Core/Src/usbd_ctlreq.o
                0x00000000080040d8                USBD_StdDevReq
 .text.USBD_StdItfReq
                0x00000000080041bc       0xae Middlewares/ST/STM32_USB_Device_Library/Core/Src/usbd_ctlreq.o
                0x00000000080041bc                USBD_StdItfReq
 .text.USBD_StdEPReq
                0x000000000800426a      0x37c Middlewares/ST/STM32_USB_Device_Library/Core/Src/usbd_ctlreq.o
                0x000000000800426a                USBD_StdEPReq
 *fill*         0x00000000080045e6        0x2 
 .text.USBD_GetDescriptor
                0x00000000080045e8      0x368 Middlewares/ST/STM32_USB_Device_Library/Core/Src/usbd_ctlreq.o
 .text.USBD_SetAddress
                0x0000000008004950       0xa8 Middlewares/ST/STM32_USB_Device_Library/Core/Src/usbd_ctlreq.o
 .text.USBD_SetConfig
                0x00000000080049f8      0x148 Middlewares/ST/STM32_USB_Device_Library/Core/Src/usbd_ctlreq.o
 .text.USBD_GetConfig
                0x0000000008004b40       0x74 Middlewares/ST/STM32_USB_Device_Library/Core/Src/usbd_ctlreq.o
 .text.USBD_GetStatus
                0x0000000008004bb4       0x74 Middlewares/ST/STM32_USB_Device_Library/Core/Src/usbd_ctlreq.o
 .text.USBD_SetFeature
                0x0000000008004c28       0x2c Middlewares/ST/STM32_USB_Device_Library/Core/Src/usbd_ctlreq.o
 .text.USBD_ClrFeature
                0x0000000008004c54       0x4c Middlewares/ST/STM32_USB_Device_Library/Core/Src/usbd_ctlreq.o
 .text.USBD_ParseSetupRequest
                0x0000000008004ca0       0x76 Middlewares/ST/STM32_USB_Device_Library/Core/Src/usbd_ctlreq.o
                0x0000000008004ca0                USBD_ParseSetupRequest
 .text.USBD_CtlError
                0x0000000008004d16       0x26 Middlewares/ST/STM32_USB_Device_Library/Core/Src/usbd_ctlreq.o
                0x0000000008004d16                USBD_CtlError
 .text.USBD_GetString
                0x0000000008004d3c       0x9e Middlewares/ST/STM32_USB_Device_Library/Core/Src/usbd_ctlreq.o
                0x0000000008004d3c                USBD_GetString
 .text.USBD_GetLen
                0x0000000008004dda       0x3a Middlewares/ST/STM32_USB_Device_Library/Core/Src/usbd_ctlreq.o
 .text.USBD_CtlSendData
                0x0000000008004e14       0x40 Middlewares/ST/STM32_USB_Device_Library/Core/Src/usbd_ioreq.o
                0x0000000008004e14                USBD_CtlSendData
 .text.USBD_CtlContinueSendData
                0x0000000008004e54       0x26 Middlewares/ST/STM32_USB_Device_Library/Core/Src/usbd_ioreq.o
                0x0000000008004e54                USBD_CtlContinueSendData
 .text.USBD_CtlContinueRx
                0x0000000008004e7a       0x26 Middlewares/ST/STM32_USB_Device_Library/Core/Src/usbd_ioreq.o
                0x0000000008004e7a                USBD_CtlContinueRx
 .text.USBD_CtlSendStatus
                0x0000000008004ea0       0x28 Middlewares/ST/STM32_USB_Device_Library/Core/Src/usbd_ioreq.o
                0x0000000008004ea0                USBD_CtlSendStatus
 .text.USBD_CtlReceiveStatus
                0x0000000008004ec8       0x28 Middlewares/ST/STM32_USB_Device_Library/Core/Src/usbd_ioreq.o
                0x0000000008004ec8                USBD_CtlReceiveStatus
 .text.USBD_GetRxCount
                0x0000000008004ef0       0x26 Middlewares/ST/STM32_USB_Device_Library/Core/Src/usbd_ioreq.o
                0x0000000008004ef0                USBD_GetRxCount
 *fill*         0x0000000008004f16        0x2 
 .text.HAL_PCD_MspInit
                0x0000000008004f18       0x50 USB_DEVICE/Target/usbd_conf.o
                0x0000000008004f18                HAL_PCD_MspInit
 .text.HAL_PCD_SetupStageCallback
                0x0000000008004f68       0x2a USB_DEVICE/Target/usbd_conf.o
                0x0000000008004f68                HAL_PCD_SetupStageCallback
 .text.HAL_PCD_DataOutStageCallback
                0x0000000008004f92       0x3a USB_DEVICE/Target/usbd_conf.o
                0x0000000008004f92                HAL_PCD_DataOutStageCallback
 .text.HAL_PCD_DataInStageCallback
                0x0000000008004fcc       0x36 USB_DEVICE/Target/usbd_conf.o
                0x0000000008004fcc                HAL_PCD_DataInStageCallback
 .text.HAL_PCD_SOFCallback
                0x0000000008005002       0x1e USB_DEVICE/Target/usbd_conf.o
                0x0000000008005002                HAL_PCD_SOFCallback
 .text.HAL_PCD_ResetCallback
                0x0000000008005020       0x48 USB_DEVICE/Target/usbd_conf.o
                0x0000000008005020                HAL_PCD_ResetCallback
 .text.HAL_PCD_SuspendCallback
                0x0000000008005068       0x38 USB_DEVICE/Target/usbd_conf.o
                0x0000000008005068                HAL_PCD_SuspendCallback
 .text.HAL_PCD_ResumeCallback
                0x00000000080050a0       0x3c USB_DEVICE/Target/usbd_conf.o
                0x00000000080050a0                HAL_PCD_ResumeCallback
 .text.USBD_LL_Init
                0x00000000080050dc       0xa0 USB_DEVICE/Target/usbd_conf.o
                0x00000000080050dc                USBD_LL_Init
 .text.USBD_LL_Start
                0x000000000800517c       0x4c USB_DEVICE/Target/usbd_conf.o
                0x000000000800517c                USBD_LL_Start
 .text.USBD_LL_OpenEP
                0x00000000080051c8       0x6e USB_DEVICE/Target/usbd_conf.o
                0x00000000080051c8                USBD_LL_OpenEP
 .text.USBD_LL_CloseEP
                0x0000000008005236       0x58 USB_DEVICE/Target/usbd_conf.o
                0x0000000008005236                USBD_LL_CloseEP
 .text.USBD_LL_FlushEP
                0x000000000800528e       0x58 USB_DEVICE/Target/usbd_conf.o
                0x000000000800528e                USBD_LL_FlushEP
 .text.USBD_LL_StallEP
                0x00000000080052e6       0x58 USB_DEVICE/Target/usbd_conf.o
                0x00000000080052e6                USBD_LL_StallEP
 .text.USBD_LL_ClearStallEP
                0x000000000800533e       0x58 USB_DEVICE/Target/usbd_conf.o
                0x000000000800533e                USBD_LL_ClearStallEP
 .text.USBD_LL_IsStallEP
                0x0000000008005396       0x56 USB_DEVICE/Target/usbd_conf.o
                0x0000000008005396                USBD_LL_IsStallEP
 .text.USBD_LL_SetUSBAddress
                0x00000000080053ec       0x58 USB_DEVICE/Target/usbd_conf.o
                0x00000000080053ec                USBD_LL_SetUSBAddress
 .text.USBD_LL_Transmit
                0x0000000008005444       0x70 USB_DEVICE/Target/usbd_conf.o
                0x0000000008005444                USBD_LL_Transmit
 .text.USBD_LL_PrepareReceive
                0x00000000080054b4       0x70 USB_DEVICE/Target/usbd_conf.o
                0x00000000080054b4                USBD_LL_PrepareReceive
 .text.USBD_LL_GetRxDataSize
                0x0000000008005524       0x2c USB_DEVICE/Target/usbd_conf.o
                0x0000000008005524                USBD_LL_GetRxDataSize
 .text.USBD_static_malloc
                0x0000000008005550       0x18 USB_DEVICE/Target/usbd_conf.o
                0x0000000008005550                USBD_static_malloc
 .text.USBD_static_free
                0x0000000008005568       0x10 USB_DEVICE/Target/usbd_conf.o
                0x0000000008005568                USBD_static_free
 .text.SystemClockConfig_Resume
                0x0000000008005578        0xe USB_DEVICE/Target/usbd_conf.o
 .text.USBD_Get_USB_Status
                0x0000000008005586       0x6e USB_DEVICE/Target/usbd_conf.o
 .text.MX_USB_DEVICE_Init
                0x00000000080055f4       0x50 USB_HID/usb_device.o
                0x00000000080055f4                MX_USB_DEVICE_Init
 .text.USBD_FS_DeviceDescriptor
                0x0000000008005644       0x24 USB_HID/usbd_desc.o
                0x0000000008005644                USBD_FS_DeviceDescriptor
 .text.USBD_FS_LangIDStrDescriptor
                0x0000000008005668       0x24 USB_HID/usbd_desc.o
                0x0000000008005668                USBD_FS_LangIDStrDescriptor
 .text.USBD_FS_ProductStrDescriptor
                0x000000000800568c       0x44 USB_HID/usbd_desc.o
                0x000000000800568c                USBD_FS_ProductStrDescriptor
 .text.USBD_FS_ManufacturerStrDescriptor
                0x00000000080056d0       0x2c USB_HID/usbd_desc.o
                0x00000000080056d0                USBD_FS_ManufacturerStrDescriptor
 .text.USBD_FS_SerialStrDescriptor
                0x00000000080056fc       0x28 USB_HID/usbd_desc.o
                0x00000000080056fc                USBD_FS_SerialStrDescriptor
 .text.USBD_FS_ConfigStrDescriptor
                0x0000000008005724       0x44 USB_HID/usbd_desc.o
                0x0000000008005724                USBD_FS_ConfigStrDescriptor
 .text.USBD_FS_InterfaceStrDescriptor
                0x0000000008005768       0x44 USB_HID/usbd_desc.o
                0x0000000008005768                USBD_FS_InterfaceStrDescriptor
 .text.Get_SerialNum
                0x00000000080057ac       0x5c USB_HID/usbd_desc.o
 .text.IntToUnicode
                0x0000000008005808       0x94 USB_HID/usbd_desc.o
 .text.set_rx_buff
                0x000000000800589c       0x30 USB_HID/usbd_hid.o
 .text.USBD_HID_Init
                0x00000000080058cc       0xe0 USB_HID/usbd_hid.o
 .text.USBD_HID_DeInit
                0x00000000080059ac       0x94 USB_HID/usbd_hid.o
 .text.USBD_HID_Setup
                0x0000000008005a40      0x2b0 USB_HID/usbd_hid.o
 .text.USBD_HID_SendReport
                0x0000000008005cf0       0x4a USB_HID/usbd_hid.o
                0x0000000008005cf0                USBD_HID_SendReport
 .text.USBD_HID2_SendReport
                0x0000000008005d3a       0x32 USB_HID/usbd_hid.o
                0x0000000008005d3a                USBD_HID2_SendReport
 .text.USBD_HID_GetFSCfgDesc
                0x0000000008005d6c       0x1c USB_HID/usbd_hid.o
 .text.USBD_HID_GetHSCfgDesc
                0x0000000008005d88       0x1c USB_HID/usbd_hid.o
 .text.USBD_HID_GetOtherSpeedCfgDesc
                0x0000000008005da4       0x1c USB_HID/usbd_hid.o
 .text.USBD_HID_DataIn
                0x0000000008005dc0       0x24 USB_HID/usbd_hid.o
 .text.USBD_HID_DataOut
                0x0000000008005de4       0x68 USB_HID/usbd_hid.o
 .text.USBD_HID_GetDeviceQualifierDesc
                0x0000000008005e4c       0x1c USB_HID/usbd_hid.o
 .text.keyscan  0x0000000008005e68      0x2a8 USER/KeyScan.o
                0x0000000008005e68                keyscan
 .text.Mouse_Set_X
                0x0000000008006110       0x62 USER/Mouse.o
                0x0000000008006110                Mouse_Set_X
 .text.Mouse_Set_Y
                0x0000000008006172       0x62 USER/Mouse.o
                0x0000000008006172                Mouse_Set_Y
 .text.Mouse_Set_Default
                0x00000000080061d4       0x48 USER/Mouse.o
                0x00000000080061d4                Mouse_Set_Default
 .text.Mouse_Send_Data
                0x000000000800621c       0x20 USER/Mouse.o
                0x000000000800621c                Mouse_Send_Data
 .text.__libc_init_array
                0x000000000800623c       0x48 c:/st/stm32cubeide_1.3.0/stm32cubeide/plugins/com.st.stm32cube.ide.mcu.externaltools.gnu-tools-for-stm32.7-2018-q2-update.win32_1.0.0.201904181610/tools/bin/../lib/gcc/arm-none-eabi/7.3.1/../../../../arm-none-eabi/lib/thumb/v6-m\libc_nano.a(lib_a-init.o)
                0x000000000800623c                __libc_init_array
 .text.memset   0x0000000008006284       0x10 c:/st/stm32cubeide_1.3.0/stm32cubeide/plugins/com.st.stm32cube.ide.mcu.externaltools.gnu-tools-for-stm32.7-2018-q2-update.win32_1.0.0.201904181610/tools/bin/../lib/gcc/arm-none-eabi/7.3.1/../../../../arm-none-eabi/lib/thumb/v6-m\libc_nano.a(lib_a-memset.o)
                0x0000000008006284                memset
 *(.glue_7)
 .glue_7        0x0000000008006294        0x0 linker stubs
 *(.glue_7t)
 .glue_7t       0x0000000008006294        0x0 linker stubs
 *(.eh_frame)
 .eh_frame      0x0000000008006294        0x0 c:/st/stm32cubeide_1.3.0/stm32cubeide/plugins/com.st.stm32cube.ide.mcu.externaltools.gnu-tools-for-stm32.7-2018-q2-update.win32_1.0.0.201904181610/tools/bin/../lib/gcc/arm-none-eabi/7.3.1/thumb/v6-m/crtbegin.o
 *(.init)
 .init          0x0000000008006294        0x4 c:/st/stm32cubeide_1.3.0/stm32cubeide/plugins/com.st.stm32cube.ide.mcu.externaltools.gnu-tools-for-stm32.7-2018-q2-update.win32_1.0.0.201904181610/tools/bin/../lib/gcc/arm-none-eabi/7.3.1/thumb/v6-m/crti.o
                0x0000000008006294                _init
 .init          0x0000000008006298        0x8 c:/st/stm32cubeide_1.3.0/stm32cubeide/plugins/com.st.stm32cube.ide.mcu.externaltools.gnu-tools-for-stm32.7-2018-q2-update.win32_1.0.0.201904181610/tools/bin/../lib/gcc/arm-none-eabi/7.3.1/thumb/v6-m/crtn.o
 *(.fini)
 .fini          0x00000000080062a0        0x4 c:/st/stm32cubeide_1.3.0/stm32cubeide/plugins/com.st.stm32cube.ide.mcu.externaltools.gnu-tools-for-stm32.7-2018-q2-update.win32_1.0.0.201904181610/tools/bin/../lib/gcc/arm-none-eabi/7.3.1/thumb/v6-m/crti.o
                0x00000000080062a0                _fini
 .fini          0x00000000080062a4        0x8 c:/st/stm32cubeide_1.3.0/stm32cubeide/plugins/com.st.stm32cube.ide.mcu.externaltools.gnu-tools-for-stm32.7-2018-q2-update.win32_1.0.0.201904181610/tools/bin/../lib/gcc/arm-none-eabi/7.3.1/thumb/v6-m/crtn.o
                0x00000000080062ac                . = ALIGN (0x4)
                0x00000000080062ac                _etext = .

.vfp11_veneer   0x00000000080062ac        0x0
 .vfp11_veneer  0x00000000080062ac        0x0 linker stubs

.v4_bx          0x00000000080062ac        0x0
 .v4_bx         0x00000000080062ac        0x0 linker stubs

.iplt           0x00000000080062ac        0x0
 .iplt          0x00000000080062ac        0x0 c:/st/stm32cubeide_1.3.0/stm32cubeide/plugins/com.st.stm32cube.ide.mcu.externaltools.gnu-tools-for-stm32.7-2018-q2-update.win32_1.0.0.201904181610/tools/bin/../lib/gcc/arm-none-eabi/7.3.1/thumb/v6-m/crtbegin.o

.rodata         0x00000000080062ac       0xd4
                0x00000000080062ac                . = ALIGN (0x4)
 *(.rodata)
 .rodata        0x00000000080062ac       0x20 Drivers/STM32F0xx_HAL_Driver/Src/stm32f0xx_hal_rcc.o
 .rodata        0x00000000080062cc       0x42 USB_HID/usbd_desc.o
 *(.rodata*)
 *fill*         0x000000000800630e        0x2 
 .rodata.AHBPrescTable
                0x0000000008006310       0x10 Core/Src/system_stm32f0xx.o
                0x0000000008006310                AHBPrescTable
 .rodata.USBD_StdDevReq
                0x0000000008006320       0x28 Middlewares/ST/STM32_USB_Device_Library/Core/Src/usbd_ctlreq.o
 .rodata.USBD_GetDescriptor
                0x0000000008006348       0x38 Middlewares/ST/STM32_USB_Device_Library/Core/Src/usbd_ctlreq.o
                0x0000000008006380                . = ALIGN (0x4)

.rel.dyn        0x0000000008006380        0x0
 .rel.iplt      0x0000000008006380        0x0 c:/st/stm32cubeide_1.3.0/stm32cubeide/plugins/com.st.stm32cube.ide.mcu.externaltools.gnu-tools-for-stm32.7-2018-q2-update.win32_1.0.0.201904181610/tools/bin/../lib/gcc/arm-none-eabi/7.3.1/thumb/v6-m/crtbegin.o

.ARM.extab      0x0000000008006380        0x0
                0x0000000008006380                . = ALIGN (0x4)
 *(.ARM.extab* .gnu.linkonce.armextab.*)
                0x0000000008006380                . = ALIGN (0x4)

.ARM            0x0000000008006380        0x0
                0x0000000008006380                . = ALIGN (0x4)
                0x0000000008006380                __exidx_start = .
 *(.ARM.exidx*)
                0x0000000008006380                __exidx_end = .
                0x0000000008006380                . = ALIGN (0x4)

.preinit_array  0x0000000008006380        0x0
                0x0000000008006380                . = ALIGN (0x4)
                0x0000000008006380                PROVIDE (__preinit_array_start = .)
 *(.preinit_array*)
                0x0000000008006380                PROVIDE (__preinit_array_end = .)
                0x0000000008006380                . = ALIGN (0x4)

.init_array     0x0000000008006380        0x4
                0x0000000008006380                . = ALIGN (0x4)
                0x0000000008006380                PROVIDE (__init_array_start = .)
 *(SORT_BY_NAME(.init_array.*))
 *(.init_array*)
 .init_array    0x0000000008006380        0x4 c:/st/stm32cubeide_1.3.0/stm32cubeide/plugins/com.st.stm32cube.ide.mcu.externaltools.gnu-tools-for-stm32.7-2018-q2-update.win32_1.0.0.201904181610/tools/bin/../lib/gcc/arm-none-eabi/7.3.1/thumb/v6-m/crtbegin.o
                0x0000000008006384                PROVIDE (__init_array_end = .)
                0x0000000008006384                . = ALIGN (0x4)

.fini_array     0x0000000008006384        0x4
                0x0000000008006384                . = ALIGN (0x4)
                [!provide]                        PROVIDE (__fini_array_start = .)
 *(SORT_BY_NAME(.fini_array.*))
 *(.fini_array*)
 .fini_array    0x0000000008006384        0x4 c:/st/stm32cubeide_1.3.0/stm32cubeide/plugins/com.st.stm32cube.ide.mcu.externaltools.gnu-tools-for-stm32.7-2018-q2-update.win32_1.0.0.201904181610/tools/bin/../lib/gcc/arm-none-eabi/7.3.1/thumb/v6-m/crtbegin.o
                [!provide]                        PROVIDE (__fini_array_end = .)
                0x0000000008006388                . = ALIGN (0x4)
                0x0000000008006388                _sidata = LOADADDR (.data)

.data           0x0000000020000000      0x2b8 load address 0x0000000008006388
                0x0000000020000000                . = ALIGN (0x4)
                0x0000000020000000                _sdata = .
 *(.data)
 *(.data*)
 .data.SystemCoreClock
                0x0000000020000000        0x4 Core/Src/system_stm32f0xx.o
                0x0000000020000000                SystemCoreClock
 .data.uwTickPrio
                0x0000000020000004        0x4 Drivers/STM32F0xx_HAL_Driver/Src/stm32f0xx_hal.o
                0x0000000020000004                uwTickPrio
 .data.uwTickFreq
                0x0000000020000008        0x1 Drivers/STM32F0xx_HAL_Driver/Src/stm32f0xx_hal.o
                0x0000000020000008                uwTickFreq
 *fill*         0x0000000020000009        0x3 
 .data.FS_Desc  0x000000002000000c       0x1c USB_HID/usbd_desc.o
                0x000000002000000c                FS_Desc
 .data.USBD_FS_DeviceDesc
                0x0000000020000028       0x12 USB_HID/usbd_desc.o
                0x0000000020000028                USBD_FS_DeviceDesc
 *fill*         0x000000002000003a        0x2 
 .data.USBD_LangIDDesc
                0x000000002000003c        0x4 USB_HID/usbd_desc.o
                0x000000002000003c                USBD_LangIDDesc
 .data.USBD_StringSerial
                0x0000000020000040       0x1a USB_HID/usbd_desc.o
                0x0000000020000040                USBD_StringSerial
 *fill*         0x000000002000005a        0x2 
 .data.USBD_HID
                0x000000002000005c       0x38 USB_HID/usbd_hid.o
                0x000000002000005c                USBD_HID
 .data.USBD_HID_CfgFSDesc
                0x0000000020000094       0x62 USB_HID/usbd_hid.o
 *fill*         0x00000000200000f6        0x2 
 .data.USBD_HID_CfgHSDesc
                0x00000000200000f8       0x62 USB_HID/usbd_hid.o
 *fill*         0x000000002000015a        0x2 
 .data.USBD_HID_OtherSpeedCfgDesc
                0x000000002000015c       0x62 USB_HID/usbd_hid.o
 *fill*         0x00000000200001be        0x2 
 .data.USBD_HID_Desc
                0x00000000200001c0        0x9 USB_HID/usbd_hid.o
 *fill*         0x00000000200001c9        0x3 
 .data.USBD_HID1_Desc
                0x00000000200001cc        0x9 USB_HID/usbd_hid.o
 *fill*         0x00000000200001d5        0x3 
 .data.USBD_HID2_Desc
                0x00000000200001d8        0x9 USB_HID/usbd_hid.o
 *fill*         0x00000000200001e1        0x3 
 .data.USBD_HID_DeviceQualifierDesc
                0x00000000200001e4        0xa USB_HID/usbd_hid.o
 *fill*         0x00000000200001ee        0x2 
 .data.HID_MOUSE_ReportDesc
                0x00000000200001f0       0x4a USB_HID/usbd_hid.o
 *fill*         0x000000002000023a        0x2 
 .data.HID_KeyBoard_ReportDesc
                0x000000002000023c       0x3f USB_HID/usbd_hid.o
 *fill*         0x000000002000027b        0x1 
 .data.HID_Config_ReportDesc
                0x000000002000027c       0x2c USB_HID/usbd_hid.o
 .data.U_Step.5948
                0x00000000200002a8        0x4 USER/KeyScan.o
 .data.D_Step.5949
                0x00000000200002ac        0x4 USER/KeyScan.o
 .data.R_Step.5946
                0x00000000200002b0        0x4 USER/KeyScan.o
 .data.L_Step.5947
                0x00000000200002b4        0x4 USER/KeyScan.o
                0x00000000200002b8                . = ALIGN (0x4)
                0x00000000200002b8                _edata = .

.igot.plt       0x00000000200002b8        0x0 load address 0x0000000008006640
 .igot.plt      0x00000000200002b8        0x0 c:/st/stm32cubeide_1.3.0/stm32cubeide/plugins/com.st.stm32cube.ide.mcu.externaltools.gnu-tools-for-stm32.7-2018-q2-update.win32_1.0.0.201904181610/tools/bin/../lib/gcc/arm-none-eabi/7.3.1/thumb/v6-m/crtbegin.o
                0x00000000200002b8                . = ALIGN (0x4)

.bss            0x00000000200002b8      0x7b4 load address 0x0000000008006640
                0x00000000200002b8                _sbss = .
                0x00000000200002b8                __bss_start__ = _sbss
 *(.bss)
 .bss           0x00000000200002b8       0x1c c:/st/stm32cubeide_1.3.0/stm32cubeide/plugins/com.st.stm32cube.ide.mcu.externaltools.gnu-tools-for-stm32.7-2018-q2-update.win32_1.0.0.201904181610/tools/bin/../lib/gcc/arm-none-eabi/7.3.1/thumb/v6-m/crtbegin.o
 *(.bss*)
 .bss.cfgidx.7765
                0x00000000200002d4        0x1 Middlewares/ST/STM32_USB_Device_Library/Core/Src/usbd_ctlreq.o
 *fill*         0x00000000200002d5        0x3 
 .bss.mem.7814  0x00000000200002d8       0x14 USB_DEVICE/Target/usbd_conf.o
 .bss.hid1_rx_buff
                0x00000000200002ec        0x1 USB_HID/usbd_hid.o
 *fill*         0x00000000200002ed        0x3 
 .bss.hid2_rx_buff
                0x00000000200002f0       0x40 USB_HID/usbd_hid.o
 *(COMMON)
 COMMON         0x0000000020000330        0x4 Drivers/STM32F0xx_HAL_Driver/Src/stm32f0xx_hal.o
                0x0000000020000330                uwTick
 COMMON         0x0000000020000334      0x274 USB_DEVICE/Target/usbd_conf.o
                0x0000000020000334                hpcd_USB_FS
 COMMON         0x00000000200005a8      0x2c4 USB_HID/usb_device.o
                0x00000000200005a8                hUsbDeviceFS
 COMMON         0x000000002000086c      0x200 USB_HID/usbd_desc.o
                0x000000002000086c                USBD_StrDesc
                0x0000000020000a6c                . = ALIGN (0x4)
                0x0000000020000a6c                _ebss = .
                0x0000000020000a6c                __bss_end__ = _ebss

._user_heap_stack
                0x0000000020000a6c      0xc04 load address 0x0000000008006640
                0x0000000020000a70                . = ALIGN (0x8)
 *fill*         0x0000000020000a6c        0x4 
                0x0000000020000a70                PROVIDE (end = .)
                [!provide]                        PROVIDE (_end = .)
                0x0000000020000e70                . = (. + _Min_Heap_Size)
 *fill*         0x0000000020000a70      0x400 
                0x0000000020001670                . = (. + _Min_Stack_Size)
 *fill*         0x0000000020000e70      0x800 
                0x0000000020001670                . = ALIGN (0x8)

/DISCARD/
 libc.a(*)
 libm.a(*)
 libgcc.a(*)

.ARM.attributes
                0x0000000000000000       0x28
 *(.ARM.attributes)
 .ARM.attributes
                0x0000000000000000       0x1e c:/st/stm32cubeide_1.3.0/stm32cubeide/plugins/com.st.stm32cube.ide.mcu.externaltools.gnu-tools-for-stm32.7-2018-q2-update.win32_1.0.0.201904181610/tools/bin/../lib/gcc/arm-none-eabi/7.3.1/thumb/v6-m/crti.o
 .ARM.attributes
                0x000000000000001e       0x2c c:/st/stm32cubeide_1.3.0/stm32cubeide/plugins/com.st.stm32cube.ide.mcu.externaltools.gnu-tools-for-stm32.7-2018-q2-update.win32_1.0.0.201904181610/tools/bin/../lib/gcc/arm-none-eabi/7.3.1/thumb/v6-m/crtbegin.o
 .ARM.attributes
                0x000000000000004a       0x31 Core/Src/main.o
 .ARM.attributes
                0x000000000000007b       0x31 Core/Src/stm32f0xx_hal_msp.o
 .ARM.attributes
                0x00000000000000ac       0x31 Core/Src/stm32f0xx_it.o
 .ARM.attributes
                0x00000000000000dd       0x31 Core/Src/system_stm32f0xx.o
 .ARM.attributes
                0x000000000000010e       0x21 Core/Startup/startup_stm32f072c8tx.o
 .ARM.attributes
                0x000000000000012f       0x31 Drivers/STM32F0xx_HAL_Driver/Src/stm32f0xx_hal.o
 .ARM.attributes
                0x0000000000000160       0x31 Drivers/STM32F0xx_HAL_Driver/Src/stm32f0xx_hal_cortex.o
 .ARM.attributes
                0x0000000000000191       0x31 Drivers/STM32F0xx_HAL_Driver/Src/stm32f0xx_hal_gpio.o
 .ARM.attributes
                0x00000000000001c2       0x31 Drivers/STM32F0xx_HAL_Driver/Src/stm32f0xx_hal_pcd.o
 .ARM.attributes
                0x00000000000001f3       0x31 Drivers/STM32F0xx_HAL_Driver/Src/stm32f0xx_hal_pcd_ex.o
 .ARM.attributes
                0x0000000000000224       0x31 Drivers/STM32F0xx_HAL_Driver/Src/stm32f0xx_hal_rcc.o
 .ARM.attributes
                0x0000000000000255       0x31 Drivers/STM32F0xx_HAL_Driver/Src/stm32f0xx_hal_rcc_ex.o
 .ARM.attributes
                0x0000000000000286       0x31 Drivers/STM32F0xx_HAL_Driver/Src/stm32f0xx_ll_usb.o
 .ARM.attributes
                0x00000000000002b7       0x31 Middlewares/ST/STM32_USB_Device_Library/Core/Src/usbd_core.o
 .ARM.attributes
                0x00000000000002e8       0x31 Middlewares/ST/STM32_USB_Device_Library/Core/Src/usbd_ctlreq.o
 .ARM.attributes
                0x0000000000000319       0x31 Middlewares/ST/STM32_USB_Device_Library/Core/Src/usbd_ioreq.o
 .ARM.attributes
                0x000000000000034a       0x31 USB_DEVICE/Target/usbd_conf.o
 .ARM.attributes
                0x000000000000037b       0x31 USB_HID/usb_device.o
 .ARM.attributes
                0x00000000000003ac       0x31 USB_HID/usbd_desc.o
 .ARM.attributes
                0x00000000000003dd       0x31 USB_HID/usbd_hid.o
 .ARM.attributes
                0x000000000000040e       0x31 USER/KeyScan.o
 .ARM.attributes
                0x000000000000043f       0x31 USER/Mouse.o
 .ARM.attributes
                0x0000000000000470       0x2c c:/st/stm32cubeide_1.3.0/stm32cubeide/plugins/com.st.stm32cube.ide.mcu.externaltools.gnu-tools-for-stm32.7-2018-q2-update.win32_1.0.0.201904181610/tools/bin/../lib/gcc/arm-none-eabi/7.3.1/../../../../arm-none-eabi/lib/thumb/v6-m\libc_nano.a(lib_a-init.o)
 .ARM.attributes
                0x000000000000049c       0x2c c:/st/stm32cubeide_1.3.0/stm32cubeide/plugins/com.st.stm32cube.ide.mcu.externaltools.gnu-tools-for-stm32.7-2018-q2-update.win32_1.0.0.201904181610/tools/bin/../lib/gcc/arm-none-eabi/7.3.1/../../../../arm-none-eabi/lib/thumb/v6-m\libc_nano.a(lib_a-memset.o)
 .ARM.attributes
                0x00000000000004c8       0x1e c:/st/stm32cubeide_1.3.0/stm32cubeide/plugins/com.st.stm32cube.ide.mcu.externaltools.gnu-tools-for-stm32.7-2018-q2-update.win32_1.0.0.201904181610/tools/bin/../lib/gcc/arm-none-eabi/7.3.1/thumb/v6-m\libgcc.a(_udivsi3.o)
 .ARM.attributes
                0x00000000000004e6       0x1e c:/st/stm32cubeide_1.3.0/stm32cubeide/plugins/com.st.stm32cube.ide.mcu.externaltools.gnu-tools-for-stm32.7-2018-q2-update.win32_1.0.0.201904181610/tools/bin/../lib/gcc/arm-none-eabi/7.3.1/thumb/v6-m\libgcc.a(_dvmd_tls.o)
 .ARM.attributes
                0x0000000000000504       0x1e c:/st/stm32cubeide_1.3.0/stm32cubeide/plugins/com.st.stm32cube.ide.mcu.externaltools.gnu-tools-for-stm32.7-2018-q2-update.win32_1.0.0.201904181610/tools/bin/../lib/gcc/arm-none-eabi/7.3.1/thumb/v6-m/crtn.o
OUTPUT(VirtualKeyBoradMouse.elf elf32-littlearm)

.debug_info     0x0000000000000000     0xfc3f
 .debug_info    0x0000000000000000     0x123a Core/Src/main.o
 .debug_info    0x000000000000123a      0x25e Core/Src/stm32f0xx_hal_msp.o
 .debug_info    0x0000000000001498      0x667 Core/Src/stm32f0xx_it.o
 .debug_info    0x0000000000001aff      0x29e Core/Src/system_stm32f0xx.o
 .debug_info    0x0000000000001d9d       0x22 Core/Startup/startup_stm32f072c8tx.o
 .debug_info    0x0000000000001dbf      0x6c0 Drivers/STM32F0xx_HAL_Driver/Src/stm32f0xx_hal.o
 .debug_info    0x000000000000247f      0x78c Drivers/STM32F0xx_HAL_Driver/Src/stm32f0xx_hal_cortex.o
 .debug_info    0x0000000000002c0b      0x67a Drivers/STM32F0xx_HAL_Driver/Src/stm32f0xx_hal_gpio.o
 .debug_info    0x0000000000003285      0xe67 Drivers/STM32F0xx_HAL_Driver/Src/stm32f0xx_hal_pcd.o
 .debug_info    0x00000000000040ec      0x880 Drivers/STM32F0xx_HAL_Driver/Src/stm32f0xx_hal_pcd_ex.o
 .debug_info    0x000000000000496c      0x82d Drivers/STM32F0xx_HAL_Driver/Src/stm32f0xx_hal_rcc.o
 .debug_info    0x0000000000005199      0x677 Drivers/STM32F0xx_HAL_Driver/Src/stm32f0xx_hal_rcc_ex.o
 .debug_info    0x0000000000005810     0x1508 Drivers/STM32F0xx_HAL_Driver/Src/stm32f0xx_ll_usb.o
 .debug_info    0x0000000000006d18     0x11ae Middlewares/ST/STM32_USB_Device_Library/Core/Src/usbd_core.o
 .debug_info    0x0000000000007ec6     0x111e Middlewares/ST/STM32_USB_Device_Library/Core/Src/usbd_ctlreq.o
 .debug_info    0x0000000000008fe4      0xf0f Middlewares/ST/STM32_USB_Device_Library/Core/Src/usbd_ioreq.o
 .debug_info    0x0000000000009ef3     0x1c7c USB_DEVICE/Target/usbd_conf.o
 .debug_info    0x000000000000bb6f      0xda4 USB_HID/usb_device.o
 .debug_info    0x000000000000c913      0xcf3 USB_HID/usbd_desc.o
 .debug_info    0x000000000000d606     0x12e0 USB_HID/usbd_hid.o
 .debug_info    0x000000000000e8e6      0x402 USER/KeyScan.o
 .debug_info    0x000000000000ece8      0xf57 USER/Mouse.o

.debug_abbrev   0x0000000000000000     0x2a1f
 .debug_abbrev  0x0000000000000000      0x220 Core/Src/main.o
 .debug_abbrev  0x0000000000000220      0x109 Core/Src/stm32f0xx_hal_msp.o
 .debug_abbrev  0x0000000000000329      0x155 Core/Src/stm32f0xx_it.o
 .debug_abbrev  0x000000000000047e      0x12b Core/Src/system_stm32f0xx.o
 .debug_abbrev  0x00000000000005a9       0x12 Core/Startup/startup_stm32f072c8tx.o
 .debug_abbrev  0x00000000000005bb      0x1c7 Drivers/STM32F0xx_HAL_Driver/Src/stm32f0xx_hal.o
 .debug_abbrev  0x0000000000000782      0x273 Drivers/STM32F0xx_HAL_Driver/Src/stm32f0xx_hal_cortex.o
 .debug_abbrev  0x00000000000009f5      0x1c0 Drivers/STM32F0xx_HAL_Driver/Src/stm32f0xx_hal_gpio.o
 .debug_abbrev  0x0000000000000bb5      0x27d Drivers/STM32F0xx_HAL_Driver/Src/stm32f0xx_hal_pcd.o
 .debug_abbrev  0x0000000000000e32      0x1eb Drivers/STM32F0xx_HAL_Driver/Src/stm32f0xx_hal_pcd_ex.o
 .debug_abbrev  0x000000000000101d      0x20f Drivers/STM32F0xx_HAL_Driver/Src/stm32f0xx_hal_rcc.o
 .debug_abbrev  0x000000000000122c      0x1a7 Drivers/STM32F0xx_HAL_Driver/Src/stm32f0xx_hal_rcc_ex.o
 .debug_abbrev  0x00000000000013d3      0x239 Drivers/STM32F0xx_HAL_Driver/Src/stm32f0xx_ll_usb.o
 .debug_abbrev  0x000000000000160c      0x270 Middlewares/ST/STM32_USB_Device_Library/Core/Src/usbd_core.o
 .debug_abbrev  0x000000000000187c      0x2a0 Middlewares/ST/STM32_USB_Device_Library/Core/Src/usbd_ctlreq.o
 .debug_abbrev  0x0000000000001b1c      0x1e0 Middlewares/ST/STM32_USB_Device_Library/Core/Src/usbd_ioreq.o
 .debug_abbrev  0x0000000000001cfc      0x2f1 USB_DEVICE/Target/usbd_conf.o
 .debug_abbrev  0x0000000000001fed      0x1b5 USB_HID/usb_device.o
 .debug_abbrev  0x00000000000021a2      0x290 USB_HID/usbd_desc.o
 .debug_abbrev  0x0000000000002432      0x27b USB_HID/usbd_hid.o
 .debug_abbrev  0x00000000000026ad      0x158 USER/KeyScan.o
 .debug_abbrev  0x0000000000002805      0x21a USER/Mouse.o

.debug_aranges  0x0000000000000000      0xa58
 .debug_aranges
                0x0000000000000000       0x38 Core/Src/main.o
 .debug_aranges
                0x0000000000000038       0x20 Core/Src/stm32f0xx_hal_msp.o
 .debug_aranges
                0x0000000000000058       0x48 Core/Src/stm32f0xx_it.o
 .debug_aranges
                0x00000000000000a0       0x28 Core/Src/system_stm32f0xx.o
 .debug_aranges
                0x00000000000000c8       0x28 Core/Startup/startup_stm32f072c8tx.o
 .debug_aranges
                0x00000000000000f0       0xd0 Drivers/STM32F0xx_HAL_Driver/Src/stm32f0xx_hal.o
 .debug_aranges
                0x00000000000001c0       0xc0 Drivers/STM32F0xx_HAL_Driver/Src/stm32f0xx_hal_cortex.o
 .debug_aranges
                0x0000000000000280       0x58 Drivers/STM32F0xx_HAL_Driver/Src/stm32f0xx_hal_gpio.o
 .debug_aranges
                0x00000000000002d8      0x120 Drivers/STM32F0xx_HAL_Driver/Src/stm32f0xx_hal_pcd.o
 .debug_aranges
                0x00000000000003f8       0x58 Drivers/STM32F0xx_HAL_Driver/Src/stm32f0xx_hal_pcd_ex.o
 .debug_aranges
                0x0000000000000450       0x80 Drivers/STM32F0xx_HAL_Driver/Src/stm32f0xx_hal_rcc.o
 .debug_aranges
                0x00000000000004d0       0x78 Drivers/STM32F0xx_HAL_Driver/Src/stm32f0xx_hal_rcc_ex.o
 .debug_aranges
                0x0000000000000548      0x108 Drivers/STM32F0xx_HAL_Driver/Src/stm32f0xx_ll_usb.o
 .debug_aranges
                0x0000000000000650       0xb8 Middlewares/ST/STM32_USB_Device_Library/Core/Src/usbd_core.o
 .debug_aranges
                0x0000000000000708       0x88 Middlewares/ST/STM32_USB_Device_Library/Core/Src/usbd_ctlreq.o
 .debug_aranges
                0x0000000000000790       0x50 Middlewares/ST/STM32_USB_Device_Library/Core/Src/usbd_ioreq.o
 .debug_aranges
                0x00000000000007e0      0x118 USB_DEVICE/Target/usbd_conf.o
 .debug_aranges
                0x00000000000008f8       0x20 USB_HID/usb_device.o
 .debug_aranges
                0x0000000000000918       0x60 USB_HID/usbd_desc.o
 .debug_aranges
                0x0000000000000978       0x88 USB_HID/usbd_hid.o
 .debug_aranges
                0x0000000000000a00       0x20 USER/KeyScan.o
 .debug_aranges
                0x0000000000000a20       0x38 USER/Mouse.o

.debug_ranges   0x0000000000000000      0x900
 .debug_ranges  0x0000000000000000       0x28 Core/Src/main.o
 .debug_ranges  0x0000000000000028       0x10 Core/Src/stm32f0xx_hal_msp.o
 .debug_ranges  0x0000000000000038       0x38 Core/Src/stm32f0xx_it.o
 .debug_ranges  0x0000000000000070       0x18 Core/Src/system_stm32f0xx.o
 .debug_ranges  0x0000000000000088       0x20 Core/Startup/startup_stm32f072c8tx.o
 .debug_ranges  0x00000000000000a8       0xc0 Drivers/STM32F0xx_HAL_Driver/Src/stm32f0xx_hal.o
 .debug_ranges  0x0000000000000168       0xb0 Drivers/STM32F0xx_HAL_Driver/Src/stm32f0xx_hal_cortex.o
 .debug_ranges  0x0000000000000218       0x48 Drivers/STM32F0xx_HAL_Driver/Src/stm32f0xx_hal_gpio.o
 .debug_ranges  0x0000000000000260      0x110 Drivers/STM32F0xx_HAL_Driver/Src/stm32f0xx_hal_pcd.o
 .debug_ranges  0x0000000000000370       0x48 Drivers/STM32F0xx_HAL_Driver/Src/stm32f0xx_hal_pcd_ex.o
 .debug_ranges  0x00000000000003b8       0x70 Drivers/STM32F0xx_HAL_Driver/Src/stm32f0xx_hal_rcc.o
 .debug_ranges  0x0000000000000428       0x68 Drivers/STM32F0xx_HAL_Driver/Src/stm32f0xx_hal_rcc_ex.o
 .debug_ranges  0x0000000000000490       0xf8 Drivers/STM32F0xx_HAL_Driver/Src/stm32f0xx_ll_usb.o
 .debug_ranges  0x0000000000000588       0xa8 Middlewares/ST/STM32_USB_Device_Library/Core/Src/usbd_core.o
 .debug_ranges  0x0000000000000630       0x78 Middlewares/ST/STM32_USB_Device_Library/Core/Src/usbd_ctlreq.o
 .debug_ranges  0x00000000000006a8       0x40 Middlewares/ST/STM32_USB_Device_Library/Core/Src/usbd_ioreq.o
 .debug_ranges  0x00000000000006e8      0x108 USB_DEVICE/Target/usbd_conf.o
 .debug_ranges  0x00000000000007f0       0x10 USB_HID/usb_device.o
 .debug_ranges  0x0000000000000800       0x50 USB_HID/usbd_desc.o
 .debug_ranges  0x0000000000000850       0x78 USB_HID/usbd_hid.o
 .debug_ranges  0x00000000000008c8       0x10 USER/KeyScan.o
 .debug_ranges  0x00000000000008d8       0x28 USER/Mouse.o

.debug_macro    0x0000000000000000    0x180f2
 .debug_macro   0x0000000000000000      0x3e6 Core/Src/main.o
 .debug_macro   0x00000000000003e6      0xa48 Core/Src/main.o
 .debug_macro   0x0000000000000e2e      0x12d Core/Src/main.o
 .debug_macro   0x0000000000000f5b       0x2e Core/Src/main.o
 .debug_macro   0x0000000000000f89       0x22 Core/Src/main.o
 .debug_macro   0x0000000000000fab       0x22 Core/Src/main.o
 .debug_macro   0x0000000000000fcd       0x8e Core/Src/main.o
 .debug_macro   0x000000000000105b       0x51 Core/Src/main.o
 .debug_macro   0x00000000000010ac       0xef Core/Src/main.o
 .debug_macro   0x000000000000119b       0x6a Core/Src/main.o
 .debug_macro   0x0000000000001205      0x1df Core/Src/main.o
 .debug_macro   0x00000000000013e4       0x1c Core/Src/main.o
 .debug_macro   0x0000000000001400       0x22 Core/Src/main.o
 .debug_macro   0x0000000000001422       0xb5 Core/Src/main.o
 .debug_macro   0x00000000000014d7      0x391 Core/Src/main.o
 .debug_macro   0x0000000000001868     0xfe50 Core/Src/main.o
 .debug_macro   0x00000000000116b8       0x3c Core/Src/main.o
 .debug_macro   0x00000000000116f4      0x174 Core/Src/main.o
 .debug_macro   0x0000000000011868       0x53 Core/Src/main.o
 .debug_macro   0x00000000000118bb      0x946 Core/Src/main.o
 .debug_macro   0x0000000000012201      0x5f3 Core/Src/main.o
 .debug_macro   0x00000000000127f4      0x12f Core/Src/main.o
 .debug_macro   0x0000000000012923      0x1a7 Core/Src/main.o
 .debug_macro   0x0000000000012aca      0x1a7 Core/Src/main.o
 .debug_macro   0x0000000000012c71      0x22c Core/Src/main.o
 .debug_macro   0x0000000000012e9d       0x34 Core/Src/main.o
 .debug_macro   0x0000000000012ed1       0x43 Core/Src/main.o
 .debug_macro   0x0000000000012f14       0x28 Core/Src/main.o
 .debug_macro   0x0000000000012f3c       0xb0 Core/Src/main.o
 .debug_macro   0x0000000000012fec      0x217 Core/Src/main.o
 .debug_macro   0x0000000000013203      0x22c Core/Src/main.o
 .debug_macro   0x000000000001342f       0x5f Core/Src/main.o
 .debug_macro   0x000000000001348e       0xa5 Core/Src/main.o
 .debug_macro   0x0000000000013533       0x65 Core/Src/main.o
 .debug_macro   0x0000000000013598      0x234 Core/Src/main.o
 .debug_macro   0x00000000000137cc       0x4c Core/Src/main.o
 .debug_macro   0x0000000000013818      0x16d Core/Src/main.o
 .debug_macro   0x0000000000013985      0x130 Core/Src/main.o
 .debug_macro   0x0000000000013ab5       0x46 Core/Src/main.o
 .debug_macro   0x0000000000013afb       0x18 Core/Src/main.o
 .debug_macro   0x0000000000013b13       0x3c Core/Src/main.o
 .debug_macro   0x0000000000013b4f       0x34 Core/Src/main.o
 .debug_macro   0x0000000000013b83       0x16 Core/Src/main.o
 .debug_macro   0x0000000000013b99       0x35 Core/Src/main.o
 .debug_macro   0x0000000000013bce      0x32a Core/Src/main.o
 .debug_macro   0x0000000000013ef8       0x10 Core/Src/main.o
 .debug_macro   0x0000000000013f08       0x52 Core/Src/main.o
 .debug_macro   0x0000000000013f5a       0x1f Core/Src/main.o
 .debug_macro   0x0000000000013f79       0x43 Core/Src/main.o
 .debug_macro   0x0000000000013fbc       0x20 Core/Src/main.o
 .debug_macro   0x0000000000013fdc      0x1a3 Core/Src/main.o
 .debug_macro   0x000000000001417f       0x10 Core/Src/main.o
 .debug_macro   0x000000000001418f       0x1c Core/Src/main.o
 .debug_macro   0x00000000000141ab       0x52 Core/Src/main.o
 .debug_macro   0x00000000000141fd       0x40 Core/Src/main.o
 .debug_macro   0x000000000001423d       0x10 Core/Src/main.o
 .debug_macro   0x000000000001424d       0x40 Core/Src/main.o
 .debug_macro   0x000000000001428d       0xd7 Core/Src/main.o
 .debug_macro   0x0000000000014364       0x1c Core/Src/main.o
 .debug_macro   0x0000000000014380       0x3d Core/Src/main.o
 .debug_macro   0x00000000000143bd       0x16 Core/Src/main.o
 .debug_macro   0x00000000000143d3      0x145 Core/Src/main.o
 .debug_macro   0x0000000000014518       0x16 Core/Src/main.o
 .debug_macro   0x000000000001452e       0x16 Core/Src/main.o
 .debug_macro   0x0000000000014544       0x29 Core/Src/main.o
 .debug_macro   0x000000000001456d       0x16 Core/Src/main.o
 .debug_macro   0x0000000000014583       0x20 Core/Src/main.o
 .debug_macro   0x00000000000145a3       0x5f Core/Src/main.o
 .debug_macro   0x0000000000014602      0x1c8 Core/Src/main.o
 .debug_macro   0x00000000000147ca       0xa1 Core/Src/main.o
 .debug_macro   0x000000000001486b      0x1bf Core/Src/stm32f0xx_hal_msp.o
 .debug_macro   0x0000000000014a2a      0x1c9 Core/Src/stm32f0xx_it.o
 .debug_macro   0x0000000000014bf3      0x1b5 Core/Src/system_stm32f0xx.o
 .debug_macro   0x0000000000014da8      0x1d9 Drivers/STM32F0xx_HAL_Driver/Src/stm32f0xx_hal.o
 .debug_macro   0x0000000000014f81      0x1b5 Drivers/STM32F0xx_HAL_Driver/Src/stm32f0xx_hal_cortex.o
 .debug_macro   0x0000000000015136      0x1ed Drivers/STM32F0xx_HAL_Driver/Src/stm32f0xx_hal_gpio.o
 .debug_macro   0x0000000000015323      0x1c1 Drivers/STM32F0xx_HAL_Driver/Src/stm32f0xx_hal_pcd.o
 .debug_macro   0x00000000000154e4      0x1b5 Drivers/STM32F0xx_HAL_Driver/Src/stm32f0xx_hal_pcd_ex.o
 .debug_macro   0x0000000000015699      0x1c7 Drivers/STM32F0xx_HAL_Driver/Src/stm32f0xx_hal_rcc.o
 .debug_macro   0x0000000000015860      0x1c7 Drivers/STM32F0xx_HAL_Driver/Src/stm32f0xx_hal_rcc_ex.o
 .debug_macro   0x0000000000015a27      0x1b5 Drivers/STM32F0xx_HAL_Driver/Src/stm32f0xx_ll_usb.o
 .debug_macro   0x0000000000015bdc      0x3b3 Middlewares/ST/STM32_USB_Device_Library/Core/Src/usbd_core.o
 .debug_macro   0x0000000000015f8f       0x97 Middlewares/ST/STM32_USB_Device_Library/Core/Src/usbd_core.o
 .debug_macro   0x0000000000016026       0xfd Middlewares/ST/STM32_USB_Device_Library/Core/Src/usbd_core.o
 .debug_macro   0x0000000000016123       0xaf Middlewares/ST/STM32_USB_Device_Library/Core/Src/usbd_core.o
 .debug_macro   0x00000000000161d2       0x4d Middlewares/ST/STM32_USB_Device_Library/Core/Src/usbd_core.o
 .debug_macro   0x000000000001621f      0x1ce Middlewares/ST/STM32_USB_Device_Library/Core/Src/usbd_core.o
 .debug_macro   0x00000000000163ed      0x3bd Middlewares/ST/STM32_USB_Device_Library/Core/Src/usbd_ctlreq.o
 .debug_macro   0x00000000000167aa      0x3b9 Middlewares/ST/STM32_USB_Device_Library/Core/Src/usbd_ioreq.o
 .debug_macro   0x0000000000016b63      0x3d6 USB_DEVICE/Target/usbd_conf.o
 .debug_macro   0x0000000000016f39      0x3e9 USB_HID/usb_device.o
 .debug_macro   0x0000000000017322       0x22 USB_HID/usb_device.o
 .debug_macro   0x0000000000017344      0x3f0 USB_HID/usbd_desc.o
 .debug_macro   0x0000000000017734       0x1c USB_HID/usbd_desc.o
 .debug_macro   0x0000000000017750      0x3cc USB_HID/usbd_hid.o
 .debug_macro   0x0000000000017b1c      0x1dc USER/KeyScan.o
 .debug_macro   0x0000000000017cf8       0x22 USER/KeyScan.o
 .debug_macro   0x0000000000017d1a      0x3d8 USER/Mouse.o

.debug_line     0x0000000000000000     0xc336
 .debug_line    0x0000000000000000      0xa61 Core/Src/main.o
 .debug_line    0x0000000000000a61      0x67f Core/Src/stm32f0xx_hal_msp.o
 .debug_line    0x00000000000010e0      0x6e5 Core/Src/stm32f0xx_it.o
 .debug_line    0x00000000000017c5      0x6a2 Core/Src/system_stm32f0xx.o
 .debug_line    0x0000000000001e67       0x89 Core/Startup/startup_stm32f072c8tx.o
 .debug_line    0x0000000000001ef0      0x835 Drivers/STM32F0xx_HAL_Driver/Src/stm32f0xx_hal.o
 .debug_line    0x0000000000002725      0x84d Drivers/STM32F0xx_HAL_Driver/Src/stm32f0xx_hal_cortex.o
 .debug_line    0x0000000000002f72      0x80f Drivers/STM32F0xx_HAL_Driver/Src/stm32f0xx_hal_gpio.o
 .debug_line    0x0000000000003781      0xb2b Drivers/STM32F0xx_HAL_Driver/Src/stm32f0xx_hal_pcd.o
 .debug_line    0x00000000000042ac      0x746 Drivers/STM32F0xx_HAL_Driver/Src/stm32f0xx_hal_pcd_ex.o
 .debug_line    0x00000000000049f2      0x922 Drivers/STM32F0xx_HAL_Driver/Src/stm32f0xx_hal_rcc.o
 .debug_line    0x0000000000005314      0x8ce Drivers/STM32F0xx_HAL_Driver/Src/stm32f0xx_hal_rcc_ex.o
 .debug_line    0x0000000000005be2      0xb64 Drivers/STM32F0xx_HAL_Driver/Src/stm32f0xx_ll_usb.o
 .debug_line    0x0000000000006746      0xb71 Middlewares/ST/STM32_USB_Device_Library/Core/Src/usbd_core.o
 .debug_line    0x00000000000072b7      0xbf8 Middlewares/ST/STM32_USB_Device_Library/Core/Src/usbd_ctlreq.o
 .debug_line    0x0000000000007eaf      0x9da Middlewares/ST/STM32_USB_Device_Library/Core/Src/usbd_ioreq.o
 .debug_line    0x0000000000008889      0xbfe USB_DEVICE/Target/usbd_conf.o
 .debug_line    0x0000000000009487      0x969 USB_HID/usb_device.o
 .debug_line    0x0000000000009df0      0xa07 USB_HID/usbd_desc.o
 .debug_line    0x000000000000a7f7      0xab0 USB_HID/usbd_hid.o
 .debug_line    0x000000000000b2a7      0x6c5 USER/KeyScan.o
 .debug_line    0x000000000000b96c      0x9ca USER/Mouse.o

.debug_str      0x0000000000000000    0x78689
 .debug_str     0x0000000000000000    0x75e86 Core/Src/main.o
                                      0x761b6 (size before relaxing)
 .debug_str     0x0000000000075e86       0x2c Core/Src/stm32f0xx_hal_msp.o
                                      0x70ccd (size before relaxing)
 .debug_str     0x0000000000075eb2      0x3da Core/Src/stm32f0xx_it.o
                                      0x71061 (size before relaxing)
 .debug_str     0x000000000007628c       0x5f Core/Src/system_stm32f0xx.o
                                      0x70cef (size before relaxing)
 .debug_str     0x00000000000762eb       0x36 Core/Startup/startup_stm32f072c8tx.o
                                         0x70 (size before relaxing)
 .debug_str     0x0000000000076321      0x4ec Drivers/STM32F0xx_HAL_Driver/Src/stm32f0xx_hal.o
                                      0x7125d (size before relaxing)
 .debug_str     0x000000000007680d      0x1ee Drivers/STM32F0xx_HAL_Driver/Src/stm32f0xx_hal_cortex.o
                                      0x71111 (size before relaxing)
 .debug_str     0x00000000000769fb      0x213 Drivers/STM32F0xx_HAL_Driver/Src/stm32f0xx_hal_gpio.o
                                      0x70f8b (size before relaxing)
 .debug_str     0x0000000000076c0e      0x3c3 Drivers/STM32F0xx_HAL_Driver/Src/stm32f0xx_hal_pcd.o
                                      0x713d6 (size before relaxing)
 .debug_str     0x0000000000076fd1      0x1c6 Drivers/STM32F0xx_HAL_Driver/Src/stm32f0xx_hal_pcd_ex.o
                                      0x711ff (size before relaxing)
 .debug_str     0x0000000000077197      0x254 Drivers/STM32F0xx_HAL_Driver/Src/stm32f0xx_hal_rcc.o
                                      0x71104 (size before relaxing)
 .debug_str     0x00000000000773eb      0x2f6 Drivers/STM32F0xx_HAL_Driver/Src/stm32f0xx_hal_rcc_ex.o
                                      0x710e1 (size before relaxing)
 .debug_str     0x00000000000776e1      0x30f Drivers/STM32F0xx_HAL_Driver/Src/stm32f0xx_ll_usb.o
                                      0x711e5 (size before relaxing)
 .debug_str     0x00000000000779f0      0x1f0 Middlewares/ST/STM32_USB_Device_Library/Core/Src/usbd_core.o
                                      0x75dd6 (size before relaxing)
 .debug_str     0x0000000000077be0      0x134 Middlewares/ST/STM32_USB_Device_Library/Core/Src/usbd_ctlreq.o
                                      0x75d5c (size before relaxing)
 .debug_str     0x0000000000077d14       0xc9 Middlewares/ST/STM32_USB_Device_Library/Core/Src/usbd_ioreq.o
                                      0x75ce4 (size before relaxing)
 .debug_str     0x0000000000077ddd      0x17c USB_DEVICE/Target/usbd_conf.o
                                      0x767ae (size before relaxing)
 .debug_str     0x0000000000077f59       0xae USB_HID/usb_device.o
                                      0x75f4b (size before relaxing)
 .debug_str     0x0000000000078007      0x24c USB_HID/usbd_desc.o
                                      0x75c43 (size before relaxing)
 .debug_str     0x0000000000078253      0x2a6 USB_HID/usbd_hid.o
                                      0x7615f (size before relaxing)
 .debug_str     0x00000000000784f9      0x12e USER/KeyScan.o
                                      0x70def (size before relaxing)
 .debug_str     0x0000000000078627       0x62 USER/Mouse.o
                                      0x75f6b (size before relaxing)

.comment        0x0000000000000000       0x7b
 .comment       0x0000000000000000       0x7b Core/Src/main.o
                                         0x7c (size before relaxing)
 .comment       0x000000000000007b       0x7c Core/Src/stm32f0xx_hal_msp.o
 .comment       0x000000000000007b       0x7c Core/Src/stm32f0xx_it.o
 .comment       0x000000000000007b       0x7c Core/Src/system_stm32f0xx.o
 .comment       0x000000000000007b       0x7c Drivers/STM32F0xx_HAL_Driver/Src/stm32f0xx_hal.o
 .comment       0x000000000000007b       0x7c Drivers/STM32F0xx_HAL_Driver/Src/stm32f0xx_hal_cortex.o
 .comment       0x000000000000007b       0x7c Drivers/STM32F0xx_HAL_Driver/Src/stm32f0xx_hal_gpio.o
 .comment       0x000000000000007b       0x7c Drivers/STM32F0xx_HAL_Driver/Src/stm32f0xx_hal_pcd.o
 .comment       0x000000000000007b       0x7c Drivers/STM32F0xx_HAL_Driver/Src/stm32f0xx_hal_pcd_ex.o
 .comment       0x000000000000007b       0x7c Drivers/STM32F0xx_HAL_Driver/Src/stm32f0xx_hal_rcc.o
 .comment       0x000000000000007b       0x7c Drivers/STM32F0xx_HAL_Driver/Src/stm32f0xx_hal_rcc_ex.o
 .comment       0x000000000000007b       0x7c Drivers/STM32F0xx_HAL_Driver/Src/stm32f0xx_ll_usb.o
 .comment       0x000000000000007b       0x7c Middlewares/ST/STM32_USB_Device_Library/Core/Src/usbd_core.o
 .comment       0x000000000000007b       0x7c Middlewares/ST/STM32_USB_Device_Library/Core/Src/usbd_ctlreq.o
 .comment       0x000000000000007b       0x7c Middlewares/ST/STM32_USB_Device_Library/Core/Src/usbd_ioreq.o
 .comment       0x000000000000007b       0x7c USB_DEVICE/Target/usbd_conf.o
 .comment       0x000000000000007b       0x7c USB_HID/usb_device.o
 .comment       0x000000000000007b       0x7c USB_HID/usbd_desc.o
 .comment       0x000000000000007b       0x7c USB_HID/usbd_hid.o
 .comment       0x000000000000007b       0x7c USER/KeyScan.o
 .comment       0x000000000000007b       0x7c USER/Mouse.o

.debug_frame    0x0000000000000000     0x2234
 .debug_frame   0x0000000000000000       0x8c Core/Src/main.o
 .debug_frame   0x000000000000008c       0x30 Core/Src/stm32f0xx_hal_msp.o
 .debug_frame   0x00000000000000bc       0xb8 Core/Src/stm32f0xx_it.o
 .debug_frame   0x0000000000000174       0x4c Core/Src/system_stm32f0xx.o
 .debug_frame   0x00000000000001c0      0x2a4 Drivers/STM32F0xx_HAL_Driver/Src/stm32f0xx_hal.o
 .debug_frame   0x0000000000000464      0x2a0 Drivers/STM32F0xx_HAL_Driver/Src/stm32f0xx_hal_cortex.o
 .debug_frame   0x0000000000000704      0x110 Drivers/STM32F0xx_HAL_Driver/Src/stm32f0xx_hal_gpio.o
 .debug_frame   0x0000000000000814      0x434 Drivers/STM32F0xx_HAL_Driver/Src/stm32f0xx_hal_pcd.o
 .debug_frame   0x0000000000000c48      0x110 Drivers/STM32F0xx_HAL_Driver/Src/stm32f0xx_hal_pcd_ex.o
 .debug_frame   0x0000000000000d58      0x198 Drivers/STM32F0xx_HAL_Driver/Src/stm32f0xx_hal_rcc.o
 .debug_frame   0x0000000000000ef0      0x180 Drivers/STM32F0xx_HAL_Driver/Src/stm32f0xx_hal_rcc_ex.o
 .debug_frame   0x0000000000001070      0x3e0 Drivers/STM32F0xx_HAL_Driver/Src/stm32f0xx_ll_usb.o
 .debug_frame   0x0000000000001450      0x290 Middlewares/ST/STM32_USB_Device_Library/Core/Src/usbd_core.o
 .debug_frame   0x00000000000016e0      0x1d4 Middlewares/ST/STM32_USB_Device_Library/Core/Src/usbd_ctlreq.o
 .debug_frame   0x00000000000018b4       0xf0 Middlewares/ST/STM32_USB_Device_Library/Core/Src/usbd_ioreq.o
 .debug_frame   0x00000000000019a4      0x438 USB_DEVICE/Target/usbd_conf.o
 .debug_frame   0x0000000000001ddc       0x2c USB_HID/usb_device.o
 .debug_frame   0x0000000000001e08      0x130 USB_HID/usbd_desc.o
 .debug_frame   0x0000000000001f38      0x1d0 USB_HID/usbd_hid.o
 .debug_frame   0x0000000000002108       0x30 USER/KeyScan.o
 .debug_frame   0x0000000000002138       0x90 USER/Mouse.o
 .debug_frame   0x00000000000021c8       0x2c c:/st/stm32cubeide_1.3.0/stm32cubeide/plugins/com.st.stm32cube.ide.mcu.externaltools.gnu-tools-for-stm32.7-2018-q2-update.win32_1.0.0.201904181610/tools/bin/../lib/gcc/arm-none-eabi/7.3.1/../../../../arm-none-eabi/lib/thumb/v6-m\libc_nano.a(lib_a-init.o)
 .debug_frame   0x00000000000021f4       0x20 c:/st/stm32cubeide_1.3.0/stm32cubeide/plugins/com.st.stm32cube.ide.mcu.externaltools.gnu-tools-for-stm32.7-2018-q2-update.win32_1.0.0.201904181610/tools/bin/../lib/gcc/arm-none-eabi/7.3.1/../../../../arm-none-eabi/lib/thumb/v6-m\libc_nano.a(lib_a-memset.o)
 .debug_frame   0x0000000000002214       0x20 c:/st/stm32cubeide_1.3.0/stm32cubeide/plugins/com.st.stm32cube.ide.mcu.externaltools.gnu-tools-for-stm32.7-2018-q2-update.win32_1.0.0.201904181610/tools/bin/../lib/gcc/arm-none-eabi/7.3.1/thumb/v6-m\libgcc.a(_udivsi3.o)
